00:51:55 **** Incremental Build of configuration Debug for project vanilla_test1 ****
make all 
Building file: ../src/main_vanilla_test1.cpp
Invoking: MicroBlaze g++ compiler
mb-g++ -Wall -O0 -g3 -c -fmessage-length=0 -MT"src/main_vanilla_test1.o" -I/home/kiran/Projects/fpgaProjects/VanillaFPRO/Projects/vanilla_test1/vanilla_test1_vitis/mcs_top_vanilla/export/mcs_top_vanilla/sw/mcs_top_vanilla/standalone_microblaze_I/bspinclude/include -mno-xl-reorder -mlittle-endian -mcpu=v11.0 -mxl-soft-mul -Wl,--no-relax -ffunction-sections -fdata-sections -MMD -MP -MF"src/main_vanilla_test1.d" -MT"src/main_vanilla_test1.o" -o "src/main_vanilla_test1.o" "../src/main_vanilla_test1.cpp"
../src/main_vanilla_test1.cpp: In function 'void sw_check(GpoCore*, GpiCore*)':
../src/main_vanilla_test1.cpp:37:8: warning: unused variable 'i' [-Wunused-variable]
   37 |    int i, s;
      |        ^
Finished building: ../src/main_vanilla_test1.cpp
 
Building target: vanilla_test1.elf
Invoking: MicroBlaze g++ linker
mb-g++ -Wl,-T -Wl,../src/lscript.ld -L/home/kiran/Projects/fpgaProjects/VanillaFPRO/Projects/vanilla_test1/vanilla_test1_vitis/mcs_top_vanilla/export/mcs_top_vanilla/sw/mcs_top_vanilla/standalone_microblaze_I/bsplib/lib -mlittle-endian -mcpu=v11.0 -mxl-soft-mul -Wl,--no-relax -Wl,--gc-sections -o "vanilla_test1.elf" ./src/chu_init.o ./src/gpio_core.o ./src/main_vanilla_test1.o ./src/timer_core.o ./src/uart_core.o   -Wl,--start-group,-lxil,-lgcc,-lc,-lstdc++,--end-group
Finished building target: vanilla_test1.elf
 
Invoking: MicroBlaze Print Size
mb-size vanilla_test1.elf  |tee "vanilla_test1.elf.size"
   text	   data	    bss	    dec	    hex	filename
   3300	    284	   3144	   6728	   1a48	vanilla_test1.elf
Finished building: vanilla_test1.elf.size
 

00:51:56 Build Finished (took 1s.228ms)

